127.0.0.1 - - [23/Sep/2024:10:18:53 +0900] "GET / HTTP/1.1" 404 807
0:0:0:0:0:0:0:1 - - [23/Sep/2024:10:19:42 +0900] "GET /testjstl/ HTTP/1.1" 404 820
0:0:0:0:0:0:0:1 - - [23/Sep/2024:10:19:42 +0900] "GET /favicon.ico HTTP/1.1" 404 818
0:0:0:0:0:0:0:1 - - [23/Sep/2024:10:20:06 +0900] "GET / HTTP/1.1" 404 807
127.0.0.1 - - [23/Sep/2024:10:20:33 +0900] "GET / HTTP/1.1" 404 807
0:0:0:0:0:0:0:1 - - [23/Sep/2024:10:20:42 +0900] "GET / HTTP/1.1" 404 807
127.0.0.1 - - [23/Sep/2024:10:24:08 +0900] "GET / HTTP/1.1" 404 807
0:0:0:0:0:0:0:1 - - [23/Sep/2024:10:24:12 +0900] "GET / HTTP/1.1" 404 807
0:0:0:0:0:0:0:1 - - [23/Sep/2024:10:24:12 +0900] "GET / HTTP/1.1" 404 807
0:0:0:0:0:0:0:1 - - [23/Sep/2024:10:24:13 +0900] "GET / HTTP/1.1" 404 807
127.0.0.1 - - [23/Sep/2024:10:30:11 +0900] "GET / HTTP/1.1" 404 807
0:0:0:0:0:0:0:1 - - [23/Sep/2024:10:30:14 +0900] "GET / HTTP/1.1" 404 807
0:0:0:0:0:0:0:1 - - [23/Sep/2024:10:30:23 +0900] "GET /testjstl HTTP/1.1" 302 -
0:0:0:0:0:0:0:1 - - [23/Sep/2024:10:30:23 +0900] "GET /testjstl/ HTTP/1.1" 500 5337
127.0.0.1 - - [23/Sep/2024:10:42:14 +0900] "GET / HTTP/1.1" 404 807
0:0:0:0:0:0:0:1 - - [23/Sep/2024:10:42:16 +0900] "GET /testjstl/ HTTP/1.1" 200 3118
0:0:0:0:0:0:0:1 - - [23/Sep/2024:10:42:16 +0900] "GET /first/resources/images/photo2.jpg HTTP/1.1" 404 852
127.0.0.1 - - [23/Sep/2024:10:44:42 +0900] "GET / HTTP/1.1" 404 807
127.0.0.1 - - [23/Sep/2024:10:50:02 +0900] "GET / HTTP/1.1" 404 807
0:0:0:0:0:0:0:1 - - [23/Sep/2024:10:50:03 +0900] "GET /testjstl/ HTTP/1.1" 200 3121
0:0:0:0:0:0:0:1 - - [23/Sep/2024:10:50:03 +0900] "GET /testjstl/resources/images/photo2.jpg HTTP/1.1" 200 2527
127.0.0.1 - - [23/Sep/2024:11:22:48 +0900] "GET / HTTP/1.1" 404 807
0:0:0:0:0:0:0:1 - - [23/Sep/2024:11:22:55 +0900] "GET /testjstl/ HTTP/1.1" 200 3133
0:0:0:0:0:0:0:1 - - [23/Sep/2024:11:22:57 +0900] "GET /testjstl/testel.do HTTP/1.1" 200 192
0:0:0:0:0:0:0:1 - - [23/Sep/2024:11:23:00 +0900] "GET /testjstl/testcore.do HTTP/1.1" 200 117
0:0:0:0:0:0:0:1 - - [23/Sep/2024:11:23:03 +0900] "GET /testjstl/testel.do HTTP/1.1" 200 192
127.0.0.1 - - [23/Sep/2024:11:47:36 +0900] "GET / HTTP/1.1" 404 807
0:0:0:0:0:0:0:1 - - [23/Sep/2024:11:47:51 +0900] "GET /testjstl/ HTTP/1.1" 200 3133
0:0:0:0:0:0:0:1 - - [23/Sep/2024:11:47:55 +0900] "GET /testjstl/testel.do HTTP/1.1" 200 380
127.0.0.1 - - [23/Sep/2024:11:48:53 +0900] "GET / HTTP/1.1" 404 807
0:0:0:0:0:0:0:1 - - [23/Sep/2024:11:48:55 +0900] "GET /testjstl/testel.do HTTP/1.1" 200 391
127.0.0.1 - - [23/Sep/2024:11:55:29 +0900] "GET / HTTP/1.1" 404 807
0:0:0:0:0:0:0:1 - - [23/Sep/2024:11:55:33 +0900] "GET /testjstl/testel.do HTTP/1.1" 200 466
127.0.0.1 - - [23/Sep/2024:12:02:20 +0900] "GET / HTTP/1.1" 404 807
0:0:0:0:0:0:0:1 - - [23/Sep/2024:12:02:25 +0900] "GET /testjstl/testel.do HTTP/1.1" 200 649
127.0.0.1 - - [23/Sep/2024:12:07:03 +0900] "GET / HTTP/1.1" 404 807
0:0:0:0:0:0:0:1 - - [23/Sep/2024:12:07:08 +0900] "GET /testjstl/testel.do HTTP/1.1" 200 829
127.0.0.1 - - [23/Sep/2024:12:14:06 +0900] "GET / HTTP/1.1" 404 807
0:0:0:0:0:0:0:1 - - [23/Sep/2024:12:14:08 +0900] "GET /testjstl/testel.do HTTP/1.1" 200 1287
127.0.0.1 - - [23/Sep/2024:13:07:58 +0900] "GET / HTTP/1.1" 404 807
0:0:0:0:0:0:0:1 - - [23/Sep/2024:13:08:06 +0900] "GET /testjstl/testcore.do HTTP/1.1" 200 385
127.0.0.1 - - [23/Sep/2024:13:08:34 +0900] "GET / HTTP/1.1" 404 807
0:0:0:0:0:0:0:1 - - [23/Sep/2024:13:08:34 +0900] "GET /testjstl/testcore.do HTTP/1.1" 200 384
127.0.0.1 - - [23/Sep/2024:13:10:51 +0900] "GET / HTTP/1.1" 404 807
0:0:0:0:0:0:0:1 - - [23/Sep/2024:13:10:52 +0900] "GET /testjstl/testcore.do HTTP/1.1" 200 412
127.0.0.1 - - [23/Sep/2024:13:13:36 +0900] "GET / HTTP/1.1" 404 807
0:0:0:0:0:0:0:1 - - [23/Sep/2024:13:13:41 +0900] "GET /testjstl/testfmt.do HTTP/1.1" 200 190
127.0.0.1 - - [23/Sep/2024:14:26:11 +0900] "GET / HTTP/1.1" 404 807
0:0:0:0:0:0:0:1 - - [23/Sep/2024:14:26:18 +0900] "GET /testjstl/testcore.do HTTP/1.1" 200 537
127.0.0.1 - - [23/Sep/2024:14:30:21 +0900] "GET / HTTP/1.1" 404 807
0:0:0:0:0:0:0:1 - - [23/Sep/2024:14:30:26 +0900] "GET /testjstl/testcore.do HTTP/1.1" 200 645
127.0.0.1 - - [23/Sep/2024:14:36:14 +0900] "GET / HTTP/1.1" 404 807
0:0:0:0:0:0:0:1 - - [23/Sep/2024:14:36:17 +0900] "GET /testjstl/testcore.do HTTP/1.1" 200 831
127.0.0.1 - - [23/Sep/2024:14:41:29 +0900] "GET / HTTP/1.1" 404 807
0:0:0:0:0:0:0:1 - - [23/Sep/2024:14:41:31 +0900] "GET /testjstl/testcore.do HTTP/1.1" 200 864
0:0:0:0:0:0:0:1 - - [23/Sep/2024:14:42:43 +0900] "GET /testjstl/testcore.do?name=%ED%99%8D%EA%B8%B8%EB%8F%99 HTTP/1.1" 200 867
127.0.0.1 - - [23/Sep/2024:14:47:29 +0900] "GET / HTTP/1.1" 404 807
0:0:0:0:0:0:0:1 - - [23/Sep/2024:14:47:32 +0900] "GET /testjstl/testcore.do?name=%ED%99%8D%EA%B8%B8%EB%8F%99 HTTP/1.1" 200 1023
127.0.0.1 - - [23/Sep/2024:14:49:50 +0900] "GET / HTTP/1.1" 404 807
0:0:0:0:0:0:0:1 - - [23/Sep/2024:14:49:52 +0900] "GET /testjstl/testcore.do?name=%ED%99%8D%EA%B8%B8%EB%8F%99 HTTP/1.1" 200 1052
127.0.0.1 - - [23/Sep/2024:15:06:23 +0900] "GET / HTTP/1.1" 404 807
0:0:0:0:0:0:0:1 - - [23/Sep/2024:15:06:23 +0900] "GET /testjstl/testcore.do?name=%ED%99%8D%EA%B8%B8%EB%8F%99 HTTP/1.1" 200 1760
127.0.0.1 - - [23/Sep/2024:15:08:17 +0900] "GET / HTTP/1.1" 404 807
0:0:0:0:0:0:0:1 - - [23/Sep/2024:15:08:17 +0900] "GET /testjstl/testcore.do?name=%ED%99%8D%EA%B8%B8%EB%8F%99 HTTP/1.1" 200 2118
127.0.0.1 - - [23/Sep/2024:15:28:00 +0900] "GET / HTTP/1.1" 404 807
0:0:0:0:0:0:0:1 - - [23/Sep/2024:15:28:01 +0900] "GET /testjstl/testcore.do?name=%ED%99%8D%EA%B8%B8%EB%8F%99 HTTP/1.1" 200 2380
127.0.0.1 - - [23/Sep/2024:15:34:54 +0900] "GET / HTTP/1.1" 404 807
0:0:0:0:0:0:0:1 - - [23/Sep/2024:15:34:55 +0900] "GET /testjstl/testcore.do?name=%ED%99%8D%EA%B8%B8%EB%8F%99 HTTP/1.1" 200 2658
0:0:0:0:0:0:0:1 - - [23/Sep/2024:15:37:37 +0900] "GET /testjstl/testcore.do?name=%ED%99%8D%EA%B8%B8%EB%8F%99 HTTP/1.1" 200 2658
0:0:0:0:0:0:0:1 - - [23/Sep/2024:15:38:07 +0900] "GET /testjstl/testcore.do?name=%ED%99%8D%EA%B8%B8%EB%8F%99 HTTP/1.1" 200 2658
127.0.0.1 - - [23/Sep/2024:15:38:40 +0900] "GET / HTTP/1.1" 404 807
0:0:0:0:0:0:0:1 - - [23/Sep/2024:15:38:41 +0900] "GET /testjstl/testcore.do?name=%ED%99%8D%EA%B8%B8%EB%8F%99 HTTP/1.1" 200 2746
127.0.0.1 - - [23/Sep/2024:15:44:02 +0900] "GET / HTTP/1.1" 404 807
0:0:0:0:0:0:0:1 - - [23/Sep/2024:15:44:03 +0900] "GET /testjstl/testcore.do?name=%ED%99%8D%EA%B8%B8%EB%8F%99 HTTP/1.1" 200 2961
0:0:0:0:0:0:0:1 - - [23/Sep/2024:15:44:06 +0900] "GET /testjstl/testFmt.jsp?no=123&name=%EA%B9%80%EB%B0%95%EC%82%AC&page=1 HTTP/1.1" 404 803
127.0.0.1 - - [23/Sep/2024:15:45:23 +0900] "GET / HTTP/1.1" 404 807
0:0:0:0:0:0:0:1 - - [23/Sep/2024:15:45:25 +0900] "GET /testjstl/testFmt.jsp?no=123&name=%EA%B9%80%EB%B0%95%EC%82%AC&page=1 HTTP/1.1" 404 803
0:0:0:0:0:0:0:1 - - [23/Sep/2024:15:45:26 +0900] "GET /testjstl/testFmt.jsp?no=123&name=%EA%B9%80%EB%B0%95%EC%82%AC&page=1 HTTP/1.1" 404 803
0:0:0:0:0:0:0:1 - - [23/Sep/2024:15:45:28 +0900] "GET /testjstl/testFmt.jsp?no=123&name=%EA%B9%80%EB%B0%95%EC%82%AC&page=1 HTTP/1.1" 404 803
127.0.0.1 - - [23/Sep/2024:15:47:52 +0900] "GET / HTTP/1.1" 404 807
0:0:0:0:0:0:0:1 - - [23/Sep/2024:15:47:53 +0900] "GET /testjstl/testFmt.jsp?no=123&name=%EA%B9%80%EB%B0%95%EC%82%AC&page=1 HTTP/1.1" 404 803
0:0:0:0:0:0:0:1 - - [23/Sep/2024:15:47:54 +0900] "GET /testjstl/testFmt.jsp?no=123&name=%EA%B9%80%EB%B0%95%EC%82%AC&page=1 HTTP/1.1" 404 803
0:0:0:0:0:0:0:1 - - [23/Sep/2024:15:47:56 +0900] "GET /testjstl/testFmt.jsp?no=123&name=%EA%B9%80%EB%B0%95%EC%82%AC&page=1 HTTP/1.1" 404 803
0:0:0:0:0:0:0:1 - - [23/Sep/2024:15:48:01 +0900] "GET /testjstl/testFmt.jsp?no=123&name=%EA%B9%80%EB%B0%95%EC%82%AC&page=1 HTTP/1.1" 404 803
127.0.0.1 - - [23/Sep/2024:15:52:44 +0900] "GET / HTTP/1.1" 404 807
0:0:0:0:0:0:0:1 - - [23/Sep/2024:15:52:45 +0900] "GET /testjstl/testFmt.jsp?no=123&name=%EA%B9%80%EB%B0%95%EC%82%AC&page=1 HTTP/1.1" 404 803
127.0.0.1 - - [23/Sep/2024:16:00:17 +0900] "GET / HTTP/1.1" 404 807
0:0:0:0:0:0:0:1 - - [23/Sep/2024:16:00:18 +0900] "GET /testjstl/testcore.do?name=%ED%99%8D%EA%B8%B8%EB%8F%99 HTTP/1.1" 200 3077
0:0:0:0:0:0:0:1 - - [23/Sep/2024:16:00:20 +0900] "GET /testjstl/moveFmt.do?no=100&name=%EA%B9%80%EB%B0%95%EC%82%AC&page=200 HTTP/1.1" 200 187
127.0.0.1 - - [23/Sep/2024:16:05:45 +0900] "GET / HTTP/1.1" 404 807
0:0:0:0:0:0:0:1 - - [23/Sep/2024:16:05:46 +0900] "GET /testjstl/testcore.do?name=%ED%99%8D%EA%B8%B8%EB%8F%99 HTTP/1.1" 200 3184
0:0:0:0:0:0:0:1 - - [23/Sep/2024:16:05:48 +0900] "GET /testjstl/moveFmt.do?no=100&name=%eb%b0%95%eb%8c%80%eb%a6%ac&page=200 HTTP/1.1" 200 187
127.0.0.1 - - [23/Sep/2024:16:07:01 +0900] "GET / HTTP/1.1" 404 807
0:0:0:0:0:0:0:1 - - [23/Sep/2024:16:07:05 +0900] "GET /testjstl/testcore.do?name=%ED%99%8D%EA%B8%B8%EB%8F%99 HTTP/1.1" 200 3197
127.0.0.1 - - [23/Sep/2024:16:29:24 +0900] "GET / HTTP/1.1" 404 807
0:0:0:0:0:0:0:1 - - [23/Sep/2024:16:29:28 +0900] "GET /testjstl/testcore.do?name=%ED%99%8D%EA%B8%B8%EB%8F%99 HTTP/1.1" 200 3779
127.0.0.1 - - [23/Sep/2024:16:33:15 +0900] "GET / HTTP/1.1" 404 807
0:0:0:0:0:0:0:1 - - [23/Sep/2024:16:33:18 +0900] "GET /testjstl/testcore.do?name=%ED%99%8D%EA%B8%B8%EB%8F%99 HTTP/1.1" 200 3916
127.0.0.1 - - [23/Sep/2024:16:34:50 +0900] "GET / HTTP/1.1" 404 807
0:0:0:0:0:0:0:1 - - [23/Sep/2024:16:34:51 +0900] "GET /testjstl/testcore.do?name=%ED%99%8D%EA%B8%B8%EB%8F%99 HTTP/1.1" 200 3931
127.0.0.1 - - [23/Sep/2024:16:38:38 +0900] "GET / HTTP/1.1" 404 807
0:0:0:0:0:0:0:1 - - [23/Sep/2024:16:38:41 +0900] "GET /testjstl/testcore.do HTTP/1.1" 200 4042
127.0.0.1 - - [23/Sep/2024:16:57:16 +0900] "GET / HTTP/1.1" 404 807
0:0:0:0:0:0:0:1 - - [23/Sep/2024:16:57:18 +0900] "GET /testjstl/ HTTP/1.1" 200 3133
0:0:0:0:0:0:0:1 - - [23/Sep/2024:16:57:19 +0900] "GET /testjstl/ HTTP/1.1" 200 3133
0:0:0:0:0:0:0:1 - - [23/Sep/2024:16:57:23 +0900] "GET /testjstl/ HTTP/1.1" 200 3133
0:0:0:0:0:0:0:1 - - [23/Sep/2024:16:57:25 +0900] "GET /testjstl/testfmt.do HTTP/1.1" 200 582
127.0.0.1 - - [23/Sep/2024:17:00:33 +0900] "GET / HTTP/1.1" 404 807
0:0:0:0:0:0:0:1 - - [23/Sep/2024:17:00:37 +0900] "GET /testjstl/testfmt.do HTTP/1.1" 200 872
127.0.0.1 - - [23/Sep/2024:17:04:20 +0900] "GET / HTTP/1.1" 404 807
0:0:0:0:0:0:0:1 - - [23/Sep/2024:17:04:25 +0900] "GET /testjstl/testfmt.do HTTP/1.1" 200 1009
127.0.0.1 - - [23/Sep/2024:17:05:31 +0900] "GET / HTTP/1.1" 404 807
0:0:0:0:0:0:0:1 - - [23/Sep/2024:17:05:36 +0900] "GET /testjstl/testfmt.do HTTP/1.1" 200 1057
127.0.0.1 - - [23/Sep/2024:17:29:16 +0900] "GET / HTTP/1.1" 404 807
0:0:0:0:0:0:0:1 - - [23/Sep/2024:17:29:17 +0900] "GET /testjstl/testfmt.do HTTP/1.1" 500 3762
0:0:0:0:0:0:0:1 - - [23/Sep/2024:17:29:20 +0900] "GET /testjstl/testfmt.do HTTP/1.1" 500 6721
0:0:0:0:0:0:0:1 - - [23/Sep/2024:17:29:21 +0900] "GET /testjstl/testfmt.do HTTP/1.1" 500 3762
0:0:0:0:0:0:0:1 - - [23/Sep/2024:17:29:22 +0900] "GET /testjstl/testfmt.do HTTP/1.1" 500 6721
0:0:0:0:0:0:0:1 - - [23/Sep/2024:17:29:22 +0900] "GET /testjstl/testfmt.do HTTP/1.1" 500 6721
0:0:0:0:0:0:0:1 - - [23/Sep/2024:17:29:23 +0900] "GET /testjstl/testfmt.do HTTP/1.1" 500 6721
0:0:0:0:0:0:0:1 - - [23/Sep/2024:17:29:23 +0900] "GET /testjstl/testfmt.do HTTP/1.1" 500 6721
127.0.0.1 - - [23/Sep/2024:17:29:30 +0900] "GET / HTTP/1.1" 404 807
0:0:0:0:0:0:0:1 - - [23/Sep/2024:17:29:33 +0900] "GET /testjstl/testfmt.do HTTP/1.1" 500 3762
127.0.0.1 - - [23/Sep/2024:17:29:48 +0900] "GET / HTTP/1.1" 404 807
127.0.0.1 - - [23/Sep/2024:17:29:55 +0900] "GET / HTTP/1.1" 404 807
127.0.0.1 - - [23/Sep/2024:17:30:00 +0900] "GET / HTTP/1.1" 404 807
0:0:0:0:0:0:0:1 - - [23/Sep/2024:17:30:02 +0900] "GET /testjstl/testfmt.do HTTP/1.1" 200 1427
127.0.0.1 - - [23/Sep/2024:17:36:21 +0900] "GET / HTTP/1.1" 404 807
0:0:0:0:0:0:0:1 - - [23/Sep/2024:17:36:23 +0900] "GET /testjstl/testfmt.do HTTP/1.1" 200 1589
127.0.0.1 - - [23/Sep/2024:17:36:36 +0900] "GET / HTTP/1.1" 404 807
0:0:0:0:0:0:0:1 - - [23/Sep/2024:17:36:37 +0900] "GET /testjstl/testfmt.do HTTP/1.1" 200 1597
127.0.0.1 - - [23/Sep/2024:17:43:25 +0900] "GET / HTTP/1.1" 404 807
0:0:0:0:0:0:0:1 - - [23/Sep/2024:17:44:38 +0900] "GET /testjstl/testfmt.do HTTP/1.1" 200 2104
127.0.0.1 - - [23/Sep/2024:17:53:47 +0900] "GET / HTTP/1.1" 404 807
0:0:0:0:0:0:0:1 - - [23/Sep/2024:17:53:51 +0900] "GET /testjstl/testfmt.do HTTP/1.1" 200 2104
0:0:0:0:0:0:0:1 - - [23/Sep/2024:17:53:57 +0900] "GET /testjstl/testfn.do HTTP/1.1" 404 840
127.0.0.1 - - [23/Sep/2024:17:54:58 +0900] "GET / HTTP/1.1" 404 807
127.0.0.1 - - [23/Sep/2024:18:00:03 +0900] "GET / HTTP/1.1" 404 807
0:0:0:0:0:0:0:1 - - [23/Sep/2024:18:00:06 +0900] "GET /testjstl/testfn.do HTTP/1.1" 404 840
0:0:0:0:0:0:0:1 - - [23/Sep/2024:18:00:08 +0900] "GET /testjstl/testfn.do HTTP/1.1" 404 840
127.0.0.1 - - [23/Sep/2024:18:00:27 +0900] "GET / HTTP/1.1" 404 807
0:0:0:0:0:0:0:1 - - [23/Sep/2024:18:00:27 +0900] "GET /testjstl/testfn.do HTTP/1.1" 500 12867
0:0:0:0:0:0:0:1 - - [23/Sep/2024:18:00:29 +0900] "GET /testjstl/testfn.do HTTP/1.1" 500 6741
127.0.0.1 - - [23/Sep/2024:18:00:35 +0900] "GET / HTTP/1.1" 404 807
0:0:0:0:0:0:0:1 - - [23/Sep/2024:18:00:40 +0900] "GET /testjstl/testfn.do HTTP/1.1" 500 12867
127.0.0.1 - - [23/Sep/2024:18:02:50 +0900] "GET / HTTP/1.1" 404 807
0:0:0:0:0:0:0:1 - - [23/Sep/2024:18:02:53 +0900] "GET /testjstl/testfn.do HTTP/1.1" 500 3666
127.0.0.1 - - [23/Sep/2024:18:03:20 +0900] "GET / HTTP/1.1" 404 807
0:0:0:0:0:0:0:1 - - [23/Sep/2024:18:03:22 +0900] "GET /testjstl/testfn.do HTTP/1.1" 200 654
